// Jest Snapshot v1, https://goo.gl/fbAQLP

exports[`renders correctly 1`] = `
<View
  style={
    Object {
      "alignItems": "center",
      "backgroundColor": "#5f5f5f",
      "flex": 1,
      "justifyContent": "center",
      "paddingBottom": 30,
      "paddingTop": 30,
    }
  }
>
  <Image
    source={1}
    style={
      Object {
        "marginTop": 20,
        "resizeMode": "center",
      }
    }
  />
  <TextInput
    allowFontScaling={true}
    onChangeText={[Function]}
    placeholder="Enter website to be analyzed"
    placeholderTextColor="white"
    style={
      Object {
        "color": "#f4f5ff",
        "height": 45,
        "marginBottom": 6,
        "textAlign": "center",
        "width": "85%",
      }
    }
  />
  <View
    accessibilityComponentType={undefined}
    accessibilityLabel={undefined}
    accessibilityTraits={undefined}
    accessible={true}
    collapsable={undefined}
    hitSlop={undefined}
    isTVSelectable={true}
    nativeID={undefined}
    onLayout={undefined}
    onResponderGrant={[Function]}
    onResponderMove={[Function]}
    onResponderRelease={[Function]}
    onResponderTerminate={[Function]}
    onResponderTerminationRequest={[Function]}
    onStartShouldSetResponder={[Function]}
    style={
      Object {
        "backgroundColor": "#1531ff",
        "borderColor": "white",
        "borderRadius": 10,
        "borderWidth": 3,
        "marginBottom": 14,
        "marginLeft": 5,
        "marginRight": 5,
        "marginTop": 30,
        "opacity": 1,
        "paddingBottom": 9,
        "paddingTop": 9,
        "width": 300,
      }
    }
    testID={undefined}
    tvParallaxProperties={undefined}
  >
    <Text
      accessible={true}
      allowFontScaling={true}
      ellipsizeMode="tail"
      style={
        Object {
          "alignSelf": "center",
          "color": "white",
          "fontSize": 20,
          "fontWeight": "800",
          "paddingBottom": 10,
          "paddingTop": 10,
          "textAlign": "center",
        }
      }
    >
      Analyze
    </Text>
  </View>
</View>
`;
